lab session: fm-lab-live-teardown-1004-6228
task pane w2:p2 terminal term_65c4aa836fb033
reissued pane w2:p2 to terminal term_65c4aa8420c9c3
--- A1 teardown with unlanded work
fm-gate-refuse: gate agent lifecycle permitted only against lab home /private/var/folders/41/64hrmnwx11q5lw3l9d7zmfgr0000gn/T/fm-live-td.glQPnr/reissued/home
note: herdr pane fm-lab-live-teardown-1004-6228:w2:p2 for task-x1 now belongs to another terminal; its own endpoint is already gone, so no pane will be closed
REFUSED: local-only worktree /private/var/folders/41/64hrmnwx11q5lw3l9d7zmfgr0000gn/T/fm-live-td.glQPnr/reissued/wt has work not yet merged into main and not on any remote.
commits not yet on main:
1e8babd work
Merge the branch into local main first (bin/fm-merge-local.sh after the captain approves), or push to a fork/remote, or get the captain's explicit OK to discard, then --force.
rc=1
PASS - A1: unlanded work behind a reissued pane refuses; stranger pane w2:p2 still present
--- A2 teardown with landed work
fm-gate-refuse: gate agent lifecycle permitted only against lab home /private/var/folders/41/64hrmnwx11q5lw3l9d7zmfgr0000gn/T/fm-live-td.glQPnr/reissued/home
note: herdr pane fm-lab-live-teardown-1004-6228:w2:p2 for task-x1 now belongs to another terminal; its own endpoint is already gone, so no pane will be closed
teardown task-x1 complete (window fm-lab-live-teardown-1004-6228:w2:p2, worktree /private/var/folders/41/64hrmnwx11q5lw3l9d7zmfgr0000gn/T/fm-live-td.glQPnr/reissued/wt)
Backlog: task-x1 is closed in /private/var/folders/41/64hrmnwx11q5lw3l9d7zmfgr0000gn/T/fm-live-td.glQPnr/reissued/home/data/backlog.md. Run bin/fm-tasks-axi.sh ready for dependency-cleared candidates, check date gates, and dispatch only work whose blockers are gone and date is due.
rc=0
PASS - A2: landed teardown removed the record, closed nothing, stranger pane w2:p2 (term_65c4aa8420c9c3) still alive
--- B teardown of own pane w3:p2 (term_65c4aa89c47345)
fm-gate-refuse: gate agent lifecycle permitted only against lab home /private/var/folders/41/64hrmnwx11q5lw3l9d7zmfgr0000gn/T/fm-live-td.glQPnr/own/home
teardown: reaping leaked worktree process(es) for task-x1: 12202 12242
teardown: force-killing leaked worktree process(es) for task-x1: 12202 12242
teardown task-x1 complete (window fm-lab-live-teardown-1004-6228:w3:p2, worktree /private/var/folders/41/64hrmnwx11q5lw3l9d7zmfgr0000gn/T/fm-live-td.glQPnr/own/wt)
Backlog: task-x1 is closed in /private/var/folders/41/64hrmnwx11q5lw3l9d7zmfgr0000gn/T/fm-live-td.glQPnr/own/home/data/backlog.md. Run bin/fm-tasks-axi.sh ready for dependency-cleared candidates, check date gates, and dispatch only work whose blockers are gone and date is due.
rc=0
PASS - B: a record that owns its live pane still tears down and closes that pane
--- C teardown of windowless Herdr record naming reissued pane history
fm-gate-refuse: gate agent lifecycle permitted only against lab home /private/var/folders/41/64hrmnwx11q5lw3l9d7zmfgr0000gn/T/fm-live-td.glQPnr/windowless/home
teardown task-x1 complete (window none, worktree /private/var/folders/41/64hrmnwx11q5lw3l9d7zmfgr0000gn/T/fm-live-td.glQPnr/windowless/wt)
Backlog: task-x1 is closed in /private/var/folders/41/64hrmnwx11q5lw3l9d7zmfgr0000gn/T/fm-live-td.glQPnr/windowless/home/data/backlog.md. Run bin/fm-tasks-axi.sh ready for dependency-cleared candidates, check date gates, and dispatch only work whose blockers are gone and date is due.
rc=0
PASS - C: a finished Herdr record with its window cleared tears down with zero Herdr calls
ALL PASS
exit=0
