lavish-axi version: 0.1.78
lab: /tmp/fm-lab-lavish-window.ckaPpV
--- build: S1 first build (no session yet)
    board: /tmp/fm-lab-lavish-window.ckaPpV/home/.lavish/bearings-board.html
    session:
      file: /private/tmp/fm-lab-lavish-window.ckaPpV/home/.lavish/bearings-board.html
      url: "http://127.0.0.1:43987/session/4b9453d5c4b54cab"
      status: opened
    next_step: "Do not respond to the user just yet. Now you must run `lavish-axi poll /private/tmp/fm-lab-lavish-window.ckaPpV/home/.lavish/bearings-board.html`. This command long-polls until the user sends feedback, ends the session, or leaves every review window disconnected past the reconnect grace period, and it stays silent the whole time - that is normal, never kill it. Layout issues the browser detects do not return this poll; they wait in the user's Layout issues inbox until the user queues them, then arrive as an ordinary tag \"layout-warnings\" prompt. Do not pass --timeout-ms during normal agent use. Keep the poll in the foreground by default and let it return the feedback directly to the agent. A background poll is allowed only through a harness-native tracked background-job facility whose completion result is guaranteed to resume or notify the same agent. Never use `nohup`, shell `&`, `disown`, redirected fire-and-forget processes, or a detached terminal without an explicit verified callback merely to keep polling alive. If the harness has no completion-aware background facility, use the foreground poll or first wire a verified wake callback into the surrounding supervisor. Do not tell the user the artifact is being monitored until that wake path is live. If the poll gets killed or times out before feedback arrives, re-run it - feedback remains queued until delivery. Poll delivery consumes the response, so read it completely. If it returns browser_disconnected, the review window stayed disconnected past its reconnect grace period but the session remains resumable; ask the user whether to reopen or end it, and do neither uninvited. After applying feedback, run `lavish-axi poll /private/tmp/fm-lab-lavish-window.ckaPpV/home/.lavish/bearings-board.html --agent-reply \"<message for the user>\"` without --timeout-ms to show a concise response in Lavish Editor and wait for more feedback. Keep the reply concise. Only when a longer reply is genuinely necessary, use Markdown structure - blank-line paragraphs, `- ` / `1. ` lists, `## ` headings - so it renders scannably instead of a wall of text, and pass that body with `--agent-reply-file <path>` (`-` reads stdin) so newlines survive quoting. The Conversation panel's Markdown subset is in `lavish-axi poll --help` and README. If the user ends the session, stop polling and do not reopen it by re-running `lavish-axi /private/tmp/fm-lab-lavish-window.ckaPpV/home/.lavish/bearings-board.html` unless the user asks for further review or something genuinely important needs their visual attention - deliver routine updates directly in this conversation instead. When reopening is warranted, run `lavish-axi /private/tmp/fm-lab-lavish-window.ckaPpV/home/.lavish/bearings-board.html --reopen`."
    session: live
    served: /tmp/fm-lab-lavish-window.ckaPpV/home/.lavish/bearings-board.html
    bound: lavish-4b9453d5c4b54cab
    armed: lavish-4b9453d5c4b54cab
    [build exit 0]
    window launches this build: 1
PASS: S1 first build opens exactly one window (got 1)
--- build: S2 rebuild while session open
    board: /tmp/fm-lab-lavish-window.ckaPpV/home/.lavish/bearings-board.html
    session:
      file: /private/tmp/fm-lab-lavish-window.ckaPpV/home/.lavish/bearings-board.html
      url: "http://127.0.0.1:43987/session/4b9453d5c4b54cab"
      status: opened
    next_step: "Do not respond to the user just yet. Now you must run `lavish-axi poll /private/tmp/fm-lab-lavish-window.ckaPpV/home/.lavish/bearings-board.html`. This command long-polls until the user sends feedback, ends the session, or leaves every review window disconnected past the reconnect grace period, and it stays silent the whole time - that is normal, never kill it. Layout issues the browser detects do not return this poll; they wait in the user's Layout issues inbox until the user queues them, then arrive as an ordinary tag \"layout-warnings\" prompt. Do not pass --timeout-ms during normal agent use. Keep the poll in the foreground by default and let it return the feedback directly to the agent. A background poll is allowed only through a harness-native tracked background-job facility whose completion result is guaranteed to resume or notify the same agent. Never use `nohup`, shell `&`, `disown`, redirected fire-and-forget processes, or a detached terminal without an explicit verified callback merely to keep polling alive. If the harness has no completion-aware background facility, use the foreground poll or first wire a verified wake callback into the surrounding supervisor. Do not tell the user the artifact is being monitored until that wake path is live. If the poll gets killed or times out before feedback arrives, re-run it - feedback remains queued until delivery. Poll delivery consumes the response, so read it completely. If it returns browser_disconnected, the review window stayed disconnected past its reconnect grace period but the session remains resumable; ask the user whether to reopen or end it, and do neither uninvited. After applying feedback, run `lavish-axi poll /private/tmp/fm-lab-lavish-window.ckaPpV/home/.lavish/bearings-board.html --agent-reply \"<message for the user>\"` without --timeout-ms to show a concise response in Lavish Editor and wait for more feedback. Keep the reply concise. Only when a longer reply is genuinely necessary, use Markdown structure - blank-line paragraphs, `- ` / `1. ` lists, `## ` headings - so it renders scannably instead of a wall of text, and pass that body with `--agent-reply-file <path>` (`-` reads stdin) so newlines survive quoting. The Conversation panel's Markdown subset is in `lavish-axi poll --help` and README. If the user ends the session, stop polling and do not reopen it by re-running `lavish-axi /private/tmp/fm-lab-lavish-window.ckaPpV/home/.lavish/bearings-board.html` unless the user asks for further review or something genuinely important needs their visual attention - deliver routine updates directly in this conversation instead. When reopening is warranted, run `lavish-axi /private/tmp/fm-lab-lavish-window.ckaPpV/home/.lavish/bearings-board.html --reopen`."
    session: live
    served: /tmp/fm-lab-lavish-window.ckaPpV/home/.lavish/bearings-board.html
    bound: lavish-4b9453d5c4b54cab
    already-armed: lavish-4b9453d5c4b54cab
    [build exit 0]
    window launches this build: 0
PASS: S2 rebuild of open session opens no window (got 0)
--- build: S3 repeated rebuild #1
    board: /tmp/fm-lab-lavish-window.ckaPpV/home/.lavish/bearings-board.html
    session:
      file: /private/tmp/fm-lab-lavish-window.ckaPpV/home/.lavish/bearings-board.html
      url: "http://127.0.0.1:43987/session/4b9453d5c4b54cab"
      status: opened
    next_step: "Do not respond to the user just yet. Now you must run `lavish-axi poll /private/tmp/fm-lab-lavish-window.ckaPpV/home/.lavish/bearings-board.html`. This command long-polls until the user sends feedback, ends the session, or leaves every review window disconnected past the reconnect grace period, and it stays silent the whole time - that is normal, never kill it. Layout issues the browser detects do not return this poll; they wait in the user's Layout issues inbox until the user queues them, then arrive as an ordinary tag \"layout-warnings\" prompt. Do not pass --timeout-ms during normal agent use. Keep the poll in the foreground by default and let it return the feedback directly to the agent. A background poll is allowed only through a harness-native tracked background-job facility whose completion result is guaranteed to resume or notify the same agent. Never use `nohup`, shell `&`, `disown`, redirected fire-and-forget processes, or a detached terminal without an explicit verified callback merely to keep polling alive. If the harness has no completion-aware background facility, use the foreground poll or first wire a verified wake callback into the surrounding supervisor. Do not tell the user the artifact is being monitored until that wake path is live. If the poll gets killed or times out before feedback arrives, re-run it - feedback remains queued until delivery. Poll delivery consumes the response, so read it completely. If it returns browser_disconnected, the review window stayed disconnected past its reconnect grace period but the session remains resumable; ask the user whether to reopen or end it, and do neither uninvited. After applying feedback, run `lavish-axi poll /private/tmp/fm-lab-lavish-window.ckaPpV/home/.lavish/bearings-board.html --agent-reply \"<message for the user>\"` without --timeout-ms to show a concise response in Lavish Editor and wait for more feedback. Keep the reply concise. Only when a longer reply is genuinely necessary, use Markdown structure - blank-line paragraphs, `- ` / `1. ` lists, `## ` headings - so it renders scannably instead of a wall of text, and pass that body with `--agent-reply-file <path>` (`-` reads stdin) so newlines survive quoting. The Conversation panel's Markdown subset is in `lavish-axi poll --help` and README. If the user ends the session, stop polling and do not reopen it by re-running `lavish-axi /private/tmp/fm-lab-lavish-window.ckaPpV/home/.lavish/bearings-board.html` unless the user asks for further review or something genuinely important needs their visual attention - deliver routine updates directly in this conversation instead. When reopening is warranted, run `lavish-axi /private/tmp/fm-lab-lavish-window.ckaPpV/home/.lavish/bearings-board.html --reopen`."
    session: live
    served: /tmp/fm-lab-lavish-window.ckaPpV/home/.lavish/bearings-board.html
    bound: lavish-4b9453d5c4b54cab
    already-armed: lavish-4b9453d5c4b54cab
    [build exit 0]
    window launches this build: 0
PASS: S3 repeated rebuild #1 opens no window (got 0)
--- build: S3 repeated rebuild #2
    board: /tmp/fm-lab-lavish-window.ckaPpV/home/.lavish/bearings-board.html
    session:
      file: /private/tmp/fm-lab-lavish-window.ckaPpV/home/.lavish/bearings-board.html
      url: "http://127.0.0.1:43987/session/4b9453d5c4b54cab"
      status: opened
    next_step: "Do not respond to the user just yet. Now you must run `lavish-axi poll /private/tmp/fm-lab-lavish-window.ckaPpV/home/.lavish/bearings-board.html`. This command long-polls until the user sends feedback, ends the session, or leaves every review window disconnected past the reconnect grace period, and it stays silent the whole time - that is normal, never kill it. Layout issues the browser detects do not return this poll; they wait in the user's Layout issues inbox until the user queues them, then arrive as an ordinary tag \"layout-warnings\" prompt. Do not pass --timeout-ms during normal agent use. Keep the poll in the foreground by default and let it return the feedback directly to the agent. A background poll is allowed only through a harness-native tracked background-job facility whose completion result is guaranteed to resume or notify the same agent. Never use `nohup`, shell `&`, `disown`, redirected fire-and-forget processes, or a detached terminal without an explicit verified callback merely to keep polling alive. If the harness has no completion-aware background facility, use the foreground poll or first wire a verified wake callback into the surrounding supervisor. Do not tell the user the artifact is being monitored until that wake path is live. If the poll gets killed or times out before feedback arrives, re-run it - feedback remains queued until delivery. Poll delivery consumes the response, so read it completely. If it returns browser_disconnected, the review window stayed disconnected past its reconnect grace period but the session remains resumable; ask the user whether to reopen or end it, and do neither uninvited. After applying feedback, run `lavish-axi poll /private/tmp/fm-lab-lavish-window.ckaPpV/home/.lavish/bearings-board.html --agent-reply \"<message for the user>\"` without --timeout-ms to show a concise response in Lavish Editor and wait for more feedback. Keep the reply concise. Only when a longer reply is genuinely necessary, use Markdown structure - blank-line paragraphs, `- ` / `1. ` lists, `## ` headings - so it renders scannably instead of a wall of text, and pass that body with `--agent-reply-file <path>` (`-` reads stdin) so newlines survive quoting. The Conversation panel's Markdown subset is in `lavish-axi poll --help` and README. If the user ends the session, stop polling and do not reopen it by re-running `lavish-axi /private/tmp/fm-lab-lavish-window.ckaPpV/home/.lavish/bearings-board.html` unless the user asks for further review or something genuinely important needs their visual attention - deliver routine updates directly in this conversation instead. When reopening is warranted, run `lavish-axi /private/tmp/fm-lab-lavish-window.ckaPpV/home/.lavish/bearings-board.html --reopen`."
    session: live
    served: /tmp/fm-lab-lavish-window.ckaPpV/home/.lavish/bearings-board.html
    bound: lavish-4b9453d5c4b54cab
    already-armed: lavish-4b9453d5c4b54cab
    [build exit 0]
    window launches this build: 0
PASS: S3 repeated rebuild #2 opens no window (got 0)
--- build: S3 repeated rebuild #3
    board: /tmp/fm-lab-lavish-window.ckaPpV/home/.lavish/bearings-board.html
    session:
      file: /private/tmp/fm-lab-lavish-window.ckaPpV/home/.lavish/bearings-board.html
      url: "http://127.0.0.1:43987/session/4b9453d5c4b54cab"
      status: opened
    next_step: "Do not respond to the user just yet. Now you must run `lavish-axi poll /private/tmp/fm-lab-lavish-window.ckaPpV/home/.lavish/bearings-board.html`. This command long-polls until the user sends feedback, ends the session, or leaves every review window disconnected past the reconnect grace period, and it stays silent the whole time - that is normal, never kill it. Layout issues the browser detects do not return this poll; they wait in the user's Layout issues inbox until the user queues them, then arrive as an ordinary tag \"layout-warnings\" prompt. Do not pass --timeout-ms during normal agent use. Keep the poll in the foreground by default and let it return the feedback directly to the agent. A background poll is allowed only through a harness-native tracked background-job facility whose completion result is guaranteed to resume or notify the same agent. Never use `nohup`, shell `&`, `disown`, redirected fire-and-forget processes, or a detached terminal without an explicit verified callback merely to keep polling alive. If the harness has no completion-aware background facility, use the foreground poll or first wire a verified wake callback into the surrounding supervisor. Do not tell the user the artifact is being monitored until that wake path is live. If the poll gets killed or times out before feedback arrives, re-run it - feedback remains queued until delivery. Poll delivery consumes the response, so read it completely. If it returns browser_disconnected, the review window stayed disconnected past its reconnect grace period but the session remains resumable; ask the user whether to reopen or end it, and do neither uninvited. After applying feedback, run `lavish-axi poll /private/tmp/fm-lab-lavish-window.ckaPpV/home/.lavish/bearings-board.html --agent-reply \"<message for the user>\"` without --timeout-ms to show a concise response in Lavish Editor and wait for more feedback. Keep the reply concise. Only when a longer reply is genuinely necessary, use Markdown structure - blank-line paragraphs, `- ` / `1. ` lists, `## ` headings - so it renders scannably instead of a wall of text, and pass that body with `--agent-reply-file <path>` (`-` reads stdin) so newlines survive quoting. The Conversation panel's Markdown subset is in `lavish-axi poll --help` and README. If the user ends the session, stop polling and do not reopen it by re-running `lavish-axi /private/tmp/fm-lab-lavish-window.ckaPpV/home/.lavish/bearings-board.html` unless the user asks for further review or something genuinely important needs their visual attention - deliver routine updates directly in this conversation instead. When reopening is warranted, run `lavish-axi /private/tmp/fm-lab-lavish-window.ckaPpV/home/.lavish/bearings-board.html --reopen`."
    session: live
    served: /tmp/fm-lab-lavish-window.ckaPpV/home/.lavish/bearings-board.html
    bound: lavish-4b9453d5c4b54cab
    already-armed: lavish-4b9453d5c4b54cab
    [build exit 0]
    window launches this build: 0
PASS: S3 repeated rebuild #3 opens no window (got 0)
--- lavish-axi session listing (sessions table)
    sessions[1]{file,status,url,pending_prompts,listener}:
      /private/tmp/fm-lab-lavish-window.ckaPpV/home/.lavish/bearings-board.html,open,"http://127.0.0.1:43987/session/4b9453d5c4b54cab",0,agent-listener
PASS: S6 exactly one open board session after rebuilds (none closed, none duplicated) (got 1)
--- agent ends the session: lavish-axi end
    session:
      file: /private/tmp/fm-lab-lavish-window.ckaPpV/home/.lavish/bearings-board.html
      status: ended
--- build: S4 rebuild after agent-ended session
    board: /tmp/fm-lab-lavish-window.ckaPpV/home/.lavish/bearings-board.html
    session:
      file: /private/tmp/fm-lab-lavish-window.ckaPpV/home/.lavish/bearings-board.html
      url: "http://127.0.0.1:43987/session/4b9453d5c4b54cab"
      status: opened
    next_step: "Do not respond to the user just yet. Now you must run `lavish-axi poll /private/tmp/fm-lab-lavish-window.ckaPpV/home/.lavish/bearings-board.html`. This command long-polls until the user sends feedback, ends the session, or leaves every review window disconnected past the reconnect grace period, and it stays silent the whole time - that is normal, never kill it. Layout issues the browser detects do not return this poll; they wait in the user's Layout issues inbox until the user queues them, then arrive as an ordinary tag \"layout-warnings\" prompt. Do not pass --timeout-ms during normal agent use. Keep the poll in the foreground by default and let it return the feedback directly to the agent. A background poll is allowed only through a harness-native tracked background-job facility whose completion result is guaranteed to resume or notify the same agent. Never use `nohup`, shell `&`, `disown`, redirected fire-and-forget processes, or a detached terminal without an explicit verified callback merely to keep polling alive. If the harness has no completion-aware background facility, use the foreground poll or first wire a verified wake callback into the surrounding supervisor. Do not tell the user the artifact is being monitored until that wake path is live. If the poll gets killed or times out before feedback arrives, re-run it - feedback remains queued until delivery. Poll delivery consumes the response, so read it completely. If it returns browser_disconnected, the review window stayed disconnected past its reconnect grace period but the session remains resumable; ask the user whether to reopen or end it, and do neither uninvited. After applying feedback, run `lavish-axi poll /private/tmp/fm-lab-lavish-window.ckaPpV/home/.lavish/bearings-board.html --agent-reply \"<message for the user>\"` without --timeout-ms to show a concise response in Lavish Editor and wait for more feedback. Keep the reply concise. Only when a longer reply is genuinely necessary, use Markdown structure - blank-line paragraphs, `- ` / `1. ` lists, `## ` headings - so it renders scannably instead of a wall of text, and pass that body with `--agent-reply-file <path>` (`-` reads stdin) so newlines survive quoting. The Conversation panel's Markdown subset is in `lavish-axi poll --help` and README. If the user ends the session, stop polling and do not reopen it by re-running `lavish-axi /private/tmp/fm-lab-lavish-window.ckaPpV/home/.lavish/bearings-board.html` unless the user asks for further review or something genuinely important needs their visual attention - deliver routine updates directly in this conversation instead. When reopening is warranted, run `lavish-axi /private/tmp/fm-lab-lavish-window.ckaPpV/home/.lavish/bearings-board.html --reopen`."
    session: live
    served: /tmp/fm-lab-lavish-window.ckaPpV/home/.lavish/bearings-board.html
    bound: lavish-4b9453d5c4b54cab
    armed: lavish-4b9453d5c4b54cab
    [build exit 0]
    window launches this build: 1
PASS: S4 rebuild of agent-ended session opens one window (got 1)
--- captain ends the session from the browser: POST /api/4b9453d5c4b54cab/end
{"status":"ended"}
--- build: S5 rebuild after captain-ended session
    board: /tmp/fm-lab-lavish-window.ckaPpV/home/.lavish/bearings-board.html
    session:
      file: /private/tmp/fm-lab-lavish-window.ckaPpV/home/.lavish/bearings-board.html
      url: "http://127.0.0.1:43987/session/4b9453d5c4b54cab"
      status: user-ended
    next_step: "The user explicitly ended this Lavish Editor session from the browser, so `lavish-axi /private/tmp/fm-lab-lavish-window.ckaPpV/home/.lavish/bearings-board.html` did not reopen it. Do not reopen unless the user asks for further review or something genuinely important needs their visual attention - deliver routine updates directly in this conversation instead. When reopening is warranted, run `lavish-axi /private/tmp/fm-lab-lavish-window.ckaPpV/home/.lavish/bearings-board.html --reopen`."
    session:
      file: /private/tmp/fm-lab-lavish-window.ckaPpV/home/.lavish/bearings-board.html
      url: "http://127.0.0.1:43987/session/4b9453d5c4b54cab"
      status: opened
    next_step: "Do not respond to the user just yet. Now you must run `lavish-axi poll /private/tmp/fm-lab-lavish-window.ckaPpV/home/.lavish/bearings-board.html`. This command long-polls until the user sends feedback, ends the session, or leaves every review window disconnected past the reconnect grace period, and it stays silent the whole time - that is normal, never kill it. Layout issues the browser detects do not return this poll; they wait in the user's Layout issues inbox until the user queues them, then arrive as an ordinary tag \"layout-warnings\" prompt. Do not pass --timeout-ms during normal agent use. Keep the poll in the foreground by default and let it return the feedback directly to the agent. A background poll is allowed only through a harness-native tracked background-job facility whose completion result is guaranteed to resume or notify the same agent. Never use `nohup`, shell `&`, `disown`, redirected fire-and-forget processes, or a detached terminal without an explicit verified callback merely to keep polling alive. If the harness has no completion-aware background facility, use the foreground poll or first wire a verified wake callback into the surrounding supervisor. Do not tell the user the artifact is being monitored until that wake path is live. If the poll gets killed or times out before feedback arrives, re-run it - feedback remains queued until delivery. Poll delivery consumes the response, so read it completely. If it returns browser_disconnected, the review window stayed disconnected past its reconnect grace period but the session remains resumable; ask the user whether to reopen or end it, and do neither uninvited. After applying feedback, run `lavish-axi poll /private/tmp/fm-lab-lavish-window.ckaPpV/home/.lavish/bearings-board.html --agent-reply \"<message for the user>\"` without --timeout-ms to show a concise response in Lavish Editor and wait for more feedback. Keep the reply concise. Only when a longer reply is genuinely necessary, use Markdown structure - blank-line paragraphs, `- ` / `1. ` lists, `## ` headings - so it renders scannably instead of a wall of text, and pass that body with `--agent-reply-file <path>` (`-` reads stdin) so newlines survive quoting. The Conversation panel's Markdown subset is in `lavish-axi poll --help` and README. If the user ends the session, stop polling and do not reopen it by re-running `lavish-axi /private/tmp/fm-lab-lavish-window.ckaPpV/home/.lavish/bearings-board.html` unless the user asks for further review or something genuinely important needs their visual attention - deliver routine updates directly in this conversation instead. When reopening is warranted, run `lavish-axi /private/tmp/fm-lab-lavish-window.ckaPpV/home/.lavish/bearings-board.html --reopen`."
    session: reopened
    served: /tmp/fm-lab-lavish-window.ckaPpV/home/.lavish/bearings-board.html
    bound: lavish-4b9453d5c4b54cab
    armed: lavish-4b9453d5c4b54cab
    [build exit 0]
    window launches this build: 1
PASS: S5 rebuild reopening a captain-ended session opens one window (got 1)
--- build: S5b rebuild after the reopen
    board: /tmp/fm-lab-lavish-window.ckaPpV/home/.lavish/bearings-board.html
    session:
      file: /private/tmp/fm-lab-lavish-window.ckaPpV/home/.lavish/bearings-board.html
      url: "http://127.0.0.1:43987/session/4b9453d5c4b54cab"
      status: opened
    next_step: "Do not respond to the user just yet. Now you must run `lavish-axi poll /private/tmp/fm-lab-lavish-window.ckaPpV/home/.lavish/bearings-board.html`. This command long-polls until the user sends feedback, ends the session, or leaves every review window disconnected past the reconnect grace period, and it stays silent the whole time - that is normal, never kill it. Layout issues the browser detects do not return this poll; they wait in the user's Layout issues inbox until the user queues them, then arrive as an ordinary tag \"layout-warnings\" prompt. Do not pass --timeout-ms during normal agent use. Keep the poll in the foreground by default and let it return the feedback directly to the agent. A background poll is allowed only through a harness-native tracked background-job facility whose completion result is guaranteed to resume or notify the same agent. Never use `nohup`, shell `&`, `disown`, redirected fire-and-forget processes, or a detached terminal without an explicit verified callback merely to keep polling alive. If the harness has no completion-aware background facility, use the foreground poll or first wire a verified wake callback into the surrounding supervisor. Do not tell the user the artifact is being monitored until that wake path is live. If the poll gets killed or times out before feedback arrives, re-run it - feedback remains queued until delivery. Poll delivery consumes the response, so read it completely. If it returns browser_disconnected, the review window stayed disconnected past its reconnect grace period but the session remains resumable; ask the user whether to reopen or end it, and do neither uninvited. After applying feedback, run `lavish-axi poll /private/tmp/fm-lab-lavish-window.ckaPpV/home/.lavish/bearings-board.html --agent-reply \"<message for the user>\"` without --timeout-ms to show a concise response in Lavish Editor and wait for more feedback. Keep the reply concise. Only when a longer reply is genuinely necessary, use Markdown structure - blank-line paragraphs, `- ` / `1. ` lists, `## ` headings - so it renders scannably instead of a wall of text, and pass that body with `--agent-reply-file <path>` (`-` reads stdin) so newlines survive quoting. The Conversation panel's Markdown subset is in `lavish-axi poll --help` and README. If the user ends the session, stop polling and do not reopen it by re-running `lavish-axi /private/tmp/fm-lab-lavish-window.ckaPpV/home/.lavish/bearings-board.html` unless the user asks for further review or something genuinely important needs their visual attention - deliver routine updates directly in this conversation instead. When reopening is warranted, run `lavish-axi /private/tmp/fm-lab-lavish-window.ckaPpV/home/.lavish/bearings-board.html --reopen`."
    session: live
    served: /tmp/fm-lab-lavish-window.ckaPpV/home/.lavish/bearings-board.html
    bound: lavish-4b9453d5c4b54cab
    already-armed: lavish-4b9453d5c4b54cab
    [build exit 0]
    window launches this build: 0
PASS: S5b rebuild after reopen opens no window (got 0)
--- lavish-axi session listing (sessions table)
    sessions[1]{file,status,url,pending_prompts,listener}:
      /private/tmp/fm-lab-lavish-window.ckaPpV/home/.lavish/bearings-board.html,open,"http://127.0.0.1:43987/session/4b9453d5c4b54cab",0,agent-listener
--- all window launches recorded by the shadowed open(1):
    http://127.0.0.1:43987/session/4b9453d5c4b54cab
    http://127.0.0.1:43987/session/4b9453d5c4b54cab
    http://127.0.0.1:43987/session/4b9453d5c4b54cab
--- teardown
    server:
      status: stopped
      port: 43987
    no lab processes remain
RESULT: 0 failure(s)
